[backblue.gif]
[fade.gif]
[index.html]
[nealpearcy.com/wp-json/oembed/1.0/embed085d.json]
[nealpearcy.com/feed/index.html]
[nealpearcy.com/comments/feed/index.html]
[nealpearcy.com/wp-json/oembed/1.0/embed6e4c]
[nealpearcy.com/wp-json/wp/v2/pages/5.json]
[nealpearcy.com/wp-json/index.html]
[nealpearcy.com/xmlrpc0db0.php]
[nealpearcy.com/wp-content/uploads/2025/09/cropped-logo--32x32.png]
[nealpearcy.com/wp-content/uploads/2025/09/cropped-logo--192x192.png]
[nealpearcy.com/wp-content/uploads/2025/09/cropped-logo--180x180.png]
[nealpearcy.com/wp-content/uploads/2025/09/cropped-logo--270x270.png]
[nealpearcy.com/wp-content/uploads/2025/09/logo-.png]
[nealpearcy.com/wp-content/uploads/2025/09/slider-bgimg.png]
[nealpearcy.com/wp-content/uploads/2025/09/author-img-1.png]
[nealpearcy.com/wp-content/uploads/2025/09/author-img-1-236x300.png]
[nealpearcy.com/wp-content/uploads/2026/01/Group-1321315306.png]
[nealpearcy.com/wp-content/uploads/2025/12/Group-1321315307.png]
[nealpearcy.com/wp-content/uploads/2025/12/Group-1321315307-294x300.png]
[nealpearcy.com/wp-content/uploads/2025/09/book-bg.png]
[nealpearcy.com/wp-content/uploads/2025/09/book-img.png]
[nealpearcy.com/wp-content/uploads/2025/09/book-img-292x300.png]
[nealpearcy.com/wp-content/uploads/2025/12/Book-mockup.png]
[nealpearcy.com/wp-content/uploads/2025/12/Book-mockup-300x300.png]
[nealpearcy.com/wp-content/uploads/2025/12/Book-mockup-150x150.png]
[nealpearcy.com/wp-content/uploads/2025/12/Book-mockup-100x100.png]
[nealpearcy.com/wp-content/uploads/2025/12/Book-mockup-140x140.png]
[nealpearcy.com/wp-content/uploads/2025/12/Book-mockup-500x500.png]
[nealpearcy.com/wp-content/uploads/2025/12/Book-mockup-350x350.png]
[nealpearcy.com/wp-content/uploads/2025/09/trailer.png]
[nealpearcy.com/wp-content/uploads/2025/09/Group-4-1.png]
[nealpearcy.com/wp-content/uploads/2025/09/Group-4-1-280x300.png]
[nealpearcy.com/wp-content/uploads/2025/12/Group-1321315012.png]
[nealpearcy.com/wp-content/uploads/2025/12/Group-1321315012-100x100.png]
[nealpearcy.com/wp-content/uploads/2025/12/Group-1321315012-140x140.png]
[nealpearcy.com/wp-content/uploads/2025/09/testi-1.png]
[nealpearcy.com/wp-content/uploads/2025/09/test-lines.png]
[nealpearcy.com/wp-content/uploads/2025/09/testi-2.png]
[nealpearcy.com/wp-content/uploads/2025/09/testi-3.png]
[nealpearcy.com/wp-content/uploads/2026/02/Ellipse-3095-9.png]
[nealpearcy.com/wp-content/uploads/2026/02/Ellipse-3095-10.png]
[nealpearcy.com/wp-content/uploads/2026/02/Ellipse-3095-14.png]
[nealpearcy.com/wp-content/uploads/2026/02/Ellipse-3095-16.png]
[nealpearcy.com/wp-content/uploads/2026/02/Ellipse-3095-15.png]
[nealpearcy.com/wp-content/uploads/2026/02/Ellipse-3095-11.png]
[nealpearcy.com/wp-content/uploads/2025/09/blog-3.png]
[nealpearcy.com/wp-content/uploads/2025/09/blog-3-300x199.png]
[nealpearcy.com/wp-content/uploads/2025/09/blog-2.png]
[nealpearcy.com/wp-content/uploads/2025/09/blog-2-300x199.png]
[nealpearcy.com/wp-content/uploads/2025/09/blog-1-1.png]
[nealpearcy.com/wp-content/uploads/2025/09/blog-1-1-300x199.png]
[nealpearcy.com/wp-content/uploads/2025/09/footer-img.png]
[nealpearcy.com/wp-content/uploads/2025/09/footer-img-300x59.png]
[nealpearcy.com/index.html]
[nealpearcy.com/wp-content/plugins/fluentform/assets/css/fluent-forms-public658f.css]
[nealpearcy.com/wp-content/plugins/fluentform/assets/css/fluentform-public-default658f.css]
[nealpearcy.com/wp-content/plugins/salient-social/css/style4963.css]
[nealpearcy.com/wp-content/themes/salient/css/fonts/fontawesome-webfont3ea6.eot]
[nealpearcy.com/wp-content/themes/salient/css/fonts/fontawesome-webfontd41d.eot]
[nealpearcy.com/wp-content/themes/salient/css/fonts/fontawesome-webfont3ea6.woff]
[nealpearcy.com/wp-content/themes/salient/css/font-awesome.min82d0.css]
[nealpearcy.com/wp-content/themes/salient/css/grid-system0746.css]
[nealpearcy.com/wp-content/themes/salient/css/fonts/fontawesome-webfont3ea6.ttf]
[nealpearcy.com/wp-content/themes/salient/img/icons/loading-white-bg.gif]
[nealpearcy.com/wp-content/themes/salient/img/icons/leaflet/marker-shadow.png]
[nealpearcy.com/wp-content/themes/salient/img/icons/quote.png]
[nealpearcy.com/wp-content/themes/salient/img/icons/link.png]
[nealpearcy.com/wp-content/themes/salient/img/icons/status.png]
[nealpearcy.com/wp-content/themes/salient/img/icons/quote-2x.png]
[nealpearcy.com/wp-content/themes/salient/img/icons/link-2x.png]
[nealpearcy.com/wp-content/themes/salient/img/icons/portfolio-arrows.png]
[nealpearcy.com/wp-content/themes/salient/img/icons/portfolio-arrows-2x.png]
[nealpearcy.com/wp-content/themes/salient/img/icons/comment-children-line.jpg]
[nealpearcy.com/wp-content/themes/salient/css/fonts/icomoon.eot]
[nealpearcy.com/wp-content/themes/salient/css/fonts/icomoond41d.eot]
[nealpearcy.com/wp-content/themes/salient/css/fonts/icomoon.woff]
[nealpearcy.com/wp-content/themes/salient/css/fonts/icomoon.ttf]
[nealpearcy.com/wp-content/themes/salient/css/fonts/linecons.eot]
[nealpearcy.com/wp-content/themes/salient/css/fonts/lineconsd41d.eot]
[nealpearcy.com/wp-content/themes/salient/css/fonts/linecons.ttf]
[nealpearcy.com/wp-content/themes/salient/css/fonts/linecons.woff]
[nealpearcy.com/wp-content/themes/salient/css/fonts/steadysets.eot]
[nealpearcy.com/wp-content/themes/salient/css/fonts/steadysetsd41d.eot]
[nealpearcy.com/wp-content/themes/salient/css/fonts/steadysets.ttf]
[nealpearcy.com/wp-content/themes/salient/css/fonts/steadysets.woff]
[nealpearcy.com/wp-content/themes/salient/css/style0746.css]
[nealpearcy.com/wp-content/themes/salient/css/elements/element-recent-posts0746.css]
[nealpearcy.com/wp-content/themes/salient/css/plugins/jquery.fancybox3d36.css]
[nealpearcy.com/wp-content/themes/salient/css/responsive0746.css]
[nealpearcy.com/wp-content/uploads/2025/09/leaf-1.png]
[nealpearcy.com/wp-content/uploads/2025/09/leaf-2.png]
[nealpearcy.com/wp-content/themes/salient-child/style0746.css]
[nealpearcy.com/wp-content/themes/salient/css/skin-material0746.css]
[nealpearcy.com/wp-content/plugins/js_composer_salient1/assets/vc/alert.png]
[nealpearcy.com/wp-content/plugins/js_composer_salient1/assets/vc/info.png]
[nealpearcy.com/wp-content/plugins/js_composer_salient1/assets/vc/tick.png]
[nealpearcy.com/wp-content/plugins/js_composer_salient1/assets/vc/exclamation.png]
[nealpearcy.com/wp-content/plugins/js_composer_salient1/assets/images/icons/address-book.png]
[nealpearcy.com/wp-content/plugins/js_composer_salient1/assets/images/icons/alarm-clock.png]
[nealpearcy.com/wp-content/plugins/js_composer_salient1/assets/images/icons/anchor.png]
[nealpearcy.com/wp-content/plugins/js_composer_salient1/assets/images/icons/application-image.png]
[nealpearcy.com/wp-content/plugins/js_composer_salient1/assets/images/icons/arrow.png]
[nealpearcy.com/wp-content/plugins/js_composer_salient1/assets/images/icons/asterisk.png]
[nealpearcy.com/wp-content/plugins/js_composer_salient1/assets/images/icons/auction-hammer.png]
[nealpearcy.com/wp-content/plugins/js_composer_salient1/assets/images/icons/balloon.png]
[nealpearcy.com/wp-content/plugins/js_composer_salient1/assets/images/icons/balloon-buzz.png]
[nealpearcy.com/wp-content/plugins/js_composer_salient1/assets/images/icons/balloon-facebook.png]
[nealpearcy.com/wp-content/plugins/js_composer_salient1/assets/images/icons/balloon-twitter.png]
[nealpearcy.com/wp-content/plugins/js_composer_salient1/assets/images/icons/battery-full.png]
[nealpearcy.com/wp-content/plugins/js_composer_salient1/assets/images/icons/binocular.png]
[nealpearcy.com/wp-content/plugins/js_composer_salient1/assets/images/icons/blue-document-excel.png]
[nealpearcy.com/wp-content/plugins/js_composer_salient1/assets/images/icons/blue-document-image.png]
[nealpearcy.com/wp-content/plugins/js_composer_salient1/assets/images/icons/blue-document-music.png]
[nealpearcy.com/wp-content/plugins/js_composer_salient1/assets/images/icons/blue-document-office.png]
[nealpearcy.com/wp-content/plugins/js_composer_salient1/assets/images/icons/blue-document-pdf.png]
[nealpearcy.com/wp-content/plugins/js_composer_salient1/assets/images/icons/blue-document-powerpoint.png]
[nealpearcy.com/wp-content/plugins/js_composer_salient1/assets/images/icons/blue-document-word.png]
[nealpearcy.com/wp-content/plugins/js_composer_salient1/assets/images/icons/bookmark.png]
[nealpearcy.com/wp-content/plugins/js_composer_salient1/assets/images/icons/camcorder.png]
[nealpearcy.com/wp-content/plugins/js_composer_salient1/assets/images/icons/camera.png]
[nealpearcy.com/wp-content/plugins/js_composer_salient1/assets/images/icons/chart.png]
[nealpearcy.com/wp-content/plugins/js_composer_salient1/assets/images/icons/chart-pie.png]
[nealpearcy.com/wp-content/plugins/js_composer_salient1/assets/images/icons/clock.png]
[nealpearcy.com/wp-content/plugins/js_composer_salient1/assets/images/icons/control.png]
[nealpearcy.com/wp-content/plugins/js_composer_salient1/assets/images/icons/fire.png]
[nealpearcy.com/wp-content/plugins/js_composer_salient1/assets/images/icons/heart.png]
[nealpearcy.com/wp-content/plugins/js_composer_salient1/assets/images/icons/mail.png]
[nealpearcy.com/wp-content/plugins/js_composer_salient1/assets/images/icons/plus-shield.png]
[nealpearcy.com/wp-content/plugins/js_composer_salient1/assets/images/icons/video.png]
[nealpearcy.com/wp-content/plugins/js_composer_salient1/assets/fonts/vc_icons_v2/fonts/vcpb-plugin-iconsb82a.eot]
[nealpearcy.com/wp-content/plugins/js_composer_salient1/assets/fonts/vc_icons_v2/fonts/vcpb-plugin-iconsb82a.ttf]
[nealpearcy.com/wp-content/plugins/js_composer_salient1/assets/fonts/vc_icons_v2/fonts/vcpb-plugin-iconsb82a.woff]
[nealpearcy.com/wp-content/plugins/js_composer_salient1/assets/images/toggle_open.png]
[nealpearcy.com/wp-content/plugins/js_composer_salient1/assets/images/toggle_close.png]
[nealpearcy.com/wp-content/plugins/js_composer_salient1/assets/images/flickr.png]
[nealpearcy.com/wp-content/plugins/js_composer_salient1/assets/fonts/vc_grid/vc_grid_v157a1.eot]
[nealpearcy.com/wp-content/plugins/js_composer_salient1/assets/fonts/vc_grid/vc_grid_v1d41d.eot]
[nealpearcy.com/wp-content/plugins/js_composer_salient1/assets/fonts/vc_grid/vc_grid_v157a1.woff]
[nealpearcy.com/wp-content/plugins/js_composer_salient1/assets/fonts/vc_grid/vc_grid_v157a1.ttf]
[nealpearcy.com/wp-content/plugins/js_composer_salient1/assets/images/spinner.gif]
[nealpearcy.com/wp-content/plugins/js_composer_salient1/assets/vc/remove.png]
[nealpearcy.com/wp-content/plugins/js_composer_salient1/assets/css/js_composer.min10df.css]
[nealpearcy.com/wp-content/themes/salient/css/salient-dynamic-styles7e29.css]
[nealpearcy.com/wp-includes/js/jquery/jquery.minf43b.js]
[nealpearcy.com/wp-includes/js/jquery/jquery-migrate.min5589.js]
[nealpearcy.com/wp-json/oembed/1.0/embedea06.json]
[nealpearcy.com/wp-json/oembed/1.0/embed50a4]
[nealpearcy.com/about-the-author/index.html]
[nealpearcy.com/wp-json/wp/v2/pages/18.json]
[nealpearcy.com/wp-json/oembed/1.0/embed4d08.json]
[nealpearcy.com/wp-json/oembed/1.0/embed6146]
[nealpearcy.com/about-the-book/index.html]
[nealpearcy.com/wp-json/wp/v2/pages/20.json]
[nealpearcy.com/wp-json/oembed/1.0/embede483.json]
[nealpearcy.com/wp-json/oembed/1.0/embede911]
[nealpearcy.com/testimonials/index.html]
[nealpearcy.com/wp-json/wp/v2/pages/22.json]
[nealpearcy.com/wp-json/oembed/1.0/embed73b9.json]
[nealpearcy.com/wp-json/oembed/1.0/embed7119]
[nealpearcy.com/blogs/index.html]
[nealpearcy.com/wp-content/uploads/2026/01/Group-1321315306-300x279.png]
[nealpearcy.com/wp-json/wp/v2/pages/24.json]
[nealpearcy.com/wp-json/oembed/1.0/embedfc76.json]
[nealpearcy.com/turning-adversity-into-strength-the-journey-of-personal-growth/feed/index.html]
[nealpearcy.com/wp-json/oembed/1.0/embed80a5]
[nealpearcy.com/wp-json/wp/v2/posts/121.json]
[nealpearcy.com/turning-adversity-into-strength-the-journey-of-personal-growth/index.html]
[nealpearcy.com/wp-json/wp/v2/categories/4.json]
[nealpearcy.com/category/blog/index.html]
[nealpearcy.com/category/blog/feed/index.html]
[nealpearcy.com/the-power-of-community-how-connections-fuel-our-resilience/feed/index.html]
[nealpearcy.com/wp-json/oembed/1.0/embed7cb5.json]
[nealpearcy.com/wp-json/oembed/1.0/embed1a61]
[nealpearcy.com/wp-json/wp/v2/posts/118.json]
[nealpearcy.com/the-power-of-community-how-connections-fuel-our-resilience/index.html]
[nealpearcy.com/wp-json/oembed/1.0/embedb603.json]
[nealpearcy.com/blog1/feed/index.html]
[nealpearcy.com/wp-json/oembed/1.0/embed1acb]
[nealpearcy.com/blog1/index.html]
[nealpearcy.com/wp-json/wp/v2/posts/86.json]
[nealpearcy.com/wp-json/oembed/1.0/embed61da.json]
[nealpearcy.com/wp-json/oembed/1.0/embed97ef]
[nealpearcy.com/trailer/index.html]
[nealpearcy.com/wp-json/wp/v2/pages/77.json]
[nealpearcy.com/wp-json/oembed/1.0/embed46d5.json]
[nealpearcy.com/wp-json/oembed/1.0/embed675e]
[nealpearcy.com/contact-us/index.html]
[nealpearcy.com/wp-content/plugins/fluentform/assets/js/form-submission658f.js]
[nealpearcy.com/wp-content/plugins/salient-social/js/salient-social4963.js]
[nealpearcy.com/wp-content/themes/salient/js/third-party/jquery.easing4e44.js]
[nealpearcy.com/wp-content/themes/salient/js/third-party/jquery.mousewheela9d5.js]
[nealpearcy.com/wp-content/themes/salient/js/priority0746.js]
[nealpearcy.com/wp-content/themes/salient/js/third-party/transite2dc.js]
[nealpearcy.com/wp-content/themes/salient/js/third-party/waypointsf39e.js]
[nealpearcy.com/wp-content/plugins/salient-portfolio/js/third-party/imagesLoaded.mineda1.js]
[nealpearcy.com/wp-content/themes/salient/js/third-party/hoverintent3aa8.js]
[nealpearcy.com/wp-content/themes/salient/js/third-party/jquery.fancybox.min3d36.js]
[nealpearcy.com/wp-content/plugins/salient-core/js/third-party/touchswipe.min5152.js]
[nealpearcy.com/wp-content/plugins/salient-portfolio/js/third-party/caroufredsel.minf0a0.js]
[nealpearcy.com/wp-content/themes/salient/js/third-party/owl.carousel.min531b.js]
[nealpearcy.com/wp-content/themes/salient/js/third-party/superfishb493.js]
[nealpearcy.com/wp-json/wp/v2/pages/146.json]
[nealpearcy.com/wp-content/themes/salient/js/init0746.js]
[nealpearcy.com/wp-content/plugins/js_composer_salient1/assets/js/dist/js_composer_front.min10df.js]
[nealpearcy.com/wp-content/themes/salient/css/fonts/fontawesome-webfont.svg]
[nealpearcy.com/wp-content/themes/salient/css/fonts/icomoon.svg]
[nealpearcy.com/wp-content/themes/salient/css/fonts/linecons.svg]
[nealpearcy.com/wp-content/themes/salient/css/fonts/steadysets.svg]
[nealpearcy.com/wp-content/plugins/js_composer_salient1/assets/fonts/vc_icons_v2/fonts/vcpb-plugin-iconsb82a.svg]
[nealpearcy.com/wp-content/plugins/js_composer_salient1/assets/fonts/vc_grid/vc_grid_v157a1.svg]
[nealpearcy.com/index0735.html]
[nealpearcy.com/index341b.html]
[nealpearcy.com/index0345.html]
[nealpearcy.com/index2cf9.html]
[nealpearcy.com/wp-content/themes/salient/css/single0746.css]
[nealpearcy.com/indexe856.html]
[nealpearcy.com/wp-json/wp/v2/users/1.json]
[nealpearcy.com/author/admin-pro/index.html]
[nealpearcy.com/wp-includes/js/comment-reply.min42a0.js]
[nealpearcy.com/author/admin-pro/feed/index.html]
[nealpearcy.com/hello-world/feed/index.html]
[nealpearcy.com/wp-json/oembed/1.0/embed98e0.json]
[nealpearcy.com/wp-json/oembed/1.0/embedd0bd]
[nealpearcy.com/wp-json/wp/v2/posts/1.json]
[nealpearcy.com/hello-world/index.html]
[nealpearcy.com/indexdb4e.html]
[nealpearcy.com/wp-includes/js/comment-reply.minfd3b.js]
[nealpearcy.com/index6213.html]
[nealpearcy.com/indexb135.html]
[nealpearcy.com/indexf488.html]
[nealpearcy.com/html.html]
[apis.google.com/js/plusone.js]
[assets.pinterest.com/js/pinit.js]
[nealpearcy.com/wp-json/wp/v2/categories/1.json]
[nealpearcy.com/category/uncategorized/index.html]
[nealpearcy.com/indexcff1.html]
[nealpearcy.com/hello-world/index6809.html]
[nealpearcy.com/category/uncategorized/feed/index.html]
